═══════════════════════════════════════════════════════════
LOG DO SISTEMA DE VENDAS PARALELO
Iniciado em: 2026-05-03 16:41:08
═══════════════════════════════════════════════════════════

[16:41:08.054] [PRODUTOR] Worker-0: Pedido c31b1f09 - CRIADO (Teclado - R$3032.97)
[16:41:08.054] [VALIDACAO] Worker-0: Pedido c31b1f09 - INICIO (Cliente: CLT-000)
[16:41:08.213] [PRODUTOR] Worker-0: Pedido 691ddde0 - CRIADO (Teclado - R$2746.38)
[16:41:08.213] [VALIDACAO] Worker-1: Pedido 691ddde0 - INICIO (Cliente: CLT-000)
[16:41:08.542] [VALIDACAO] Worker-0: Pedido c31b1f09 - SUCESSO (Tempo: 0.49s)
[16:41:08.543] [FINANCEIRA] Worker-0: Pedido c31b1f09 - INICIO (Valor: R$3032.97)
[16:41:08.679] [PRODUTOR] Worker-0: Pedido b2061914 - CRIADO (Teclado - R$1771.94)
[16:41:08.679] [VALIDACAO] Worker-0: Pedido b2061914 - INICIO (Cliente: CLT-000)
[16:41:08.698] [VALIDACAO] Worker-1: Pedido 691ddde0 - SUCESSO (Tempo: 0.49s)
[16:41:08.881] [PRODUTOR] Worker-0: Pedido 86ba7eb0 - CRIADO (SSD - R$4428.55)
[16:41:08.882] [VALIDACAO] Worker-1: Pedido 86ba7eb0 - INICIO (Cliente: CLT-000)
[16:41:09.003] [VALIDACAO] Worker-0: Pedido b2061914 - SUCESSO (Tempo: 0.32s)
[16:41:09.016] [FINANCEIRA] Worker-0: Pedido c31b1f09 - SUCESSO (Tempo: 0.47s)
[16:41:09.017] [FINANCEIRA] Worker-0: Pedido 691ddde0 - INICIO (Valor: R$2746.38)
[16:41:09.018] [LOGISTICA] Worker-0: Pedido c31b1f09 - INICIO (Item: Teclado)
[16:41:09.199] [LOGISTICA] Worker-0: Pedido c31b1f09 - SUCESSO (Entregue! Tempo: 0.18s)
[16:41:09.213] [FINANCEIRA] Worker-0: Pedido 691ddde0 - SUCESSO (Tempo: 0.20s)
[16:41:09.213] [LOGISTICA] Worker-0: Pedido 691ddde0 - INICIO (Item: Teclado)
[16:41:09.213] [FINANCEIRA] Worker-0: Pedido b2061914 - INICIO (Valor: R$1771.94)
[16:41:09.281] [VALIDACAO] Worker-1: Pedido 86ba7eb0 - SUCESSO (Tempo: 0.40s)
[16:41:09.306] [PRODUTOR] Worker-0: Pedido 97e7def1 - CRIADO (Headphone - R$2841.22)
[16:41:09.307] [VALIDACAO] Worker-0: Pedido 97e7def1 - INICIO (Cliente: CLT-000)
[16:41:09.463] [FINANCEIRA] Worker-0: Pedido b2061914 - SUCESSO (Tempo: 0.25s)
[16:41:09.463] [FINANCEIRA] Worker-0: Pedido 86ba7eb0 - INICIO (Valor: R$4428.55)
[16:41:09.501] [LOGISTICA] Worker-0: Pedido 691ddde0 - SUCESSO (Entregue! Tempo: 0.29s)
[16:41:09.501] [LOGISTICA] Worker-0: Pedido b2061914 - INICIO (Item: Teclado)
[16:41:09.554] [PRODUTOR] Worker-0: Pedido bb8398c3 - CRIADO (Teclado - R$739.98)
[16:41:09.554] [VALIDACAO] Worker-1: Pedido bb8398c3 - INICIO (Cliente: CLT-000)
[16:41:09.598] [VALIDACAO] Worker-0: Pedido 97e7def1 - SUCESSO (Tempo: 0.29s)
[16:41:09.606] [FINANCEIRA] Worker-0: Pedido 86ba7eb0 - SUCESSO (Tempo: 0.14s)
[16:41:09.606] [FINANCEIRA] Worker-0: Pedido 97e7def1 - INICIO (Valor: R$2841.22)
[16:41:09.791] [LOGISTICA] Worker-0: Pedido b2061914 - SUCESSO (Entregue! Tempo: 0.29s)
[16:41:09.791] [LOGISTICA] Worker-0: Pedido 86ba7eb0 - INICIO (Item: SSD)
[16:41:09.797] [FINANCEIRA] Worker-0: Pedido 97e7def1 - SUCESSO (Tempo: 0.19s)
[16:41:09.910] [VALIDACAO] Worker-1: Pedido bb8398c3 - SUCESSO (Tempo: 0.36s)
[16:41:09.910] [FINANCEIRA] Worker-0: Pedido bb8398c3 - INICIO (Valor: R$739.98)
[16:41:09.925] [PRODUTOR] Worker-0: Pedido 9d670ab6 - CRIADO (Monitor - R$821.82)
[16:41:09.925] [VALIDACAO] Worker-0: Pedido 9d670ab6 - INICIO (Cliente: CLT-000)
[16:41:09.965] [LOGISTICA] Worker-0: Pedido 86ba7eb0 - SUCESSO (Entregue! Tempo: 0.17s)
[16:41:09.965] [LOGISTICA] Worker-0: Pedido 97e7def1 - INICIO (Item: Headphone)
[16:41:10.077] [PRODUTOR] Worker-0: Pedido 1417cc9e - CRIADO (Headphone - R$4118.51)
[16:41:10.077] [VALIDACAO] Worker-1: Pedido 1417cc9e - INICIO (Cliente: CLT-000)
[16:41:10.217] [PRODUTOR] Worker-0: Pedido 509deb2c - CRIADO (SSD - R$1527.66)
[16:41:10.220] [FINANCEIRA] Worker-0: Pedido bb8398c3 - SUCESSO (Tempo: 0.31s)
[16:41:10.395] [LOGISTICA] Worker-0: Pedido 97e7def1 - SUCESSO (Entregue! Tempo: 0.43s)
[16:41:10.395] [LOGISTICA] Worker-0: Pedido bb8398c3 - INICIO (Item: Teclado)
[16:41:10.416] [VALIDACAO] Worker-0: Pedido 9d670ab6 - SUCESSO (Tempo: 0.49s)
[16:41:10.417] [FINANCEIRA] Worker-0: Pedido 9d670ab6 - INICIO (Valor: R$821.82)
[16:41:10.417] [VALIDACAO] Worker-0: Pedido 509deb2c - INICIO (Cliente: CLT-000)
[16:41:10.568] [VALIDACAO] Worker-1: Pedido 1417cc9e - SUCESSO (Tempo: 0.49s)
[16:41:10.602] [LOGISTICA] Worker-0: Pedido bb8398c3 - FALHA (Avaria na entrega)
[16:41:10.623] [VALIDACAO] Worker-0: Pedido 509deb2c - SUCESSO (Tempo: 0.21s)
[16:41:10.714] [PRODUTOR] Worker-0: Pedido 9aed0480 - CRIADO (Webcam - R$1573.56)
[16:41:10.715] [VALIDACAO] Worker-1: Pedido 9aed0480 - INICIO (Cliente: CLT-000)
[16:41:10.912] [FINANCEIRA] Worker-0: Pedido 9d670ab6 - FALHA (Cartão recusado)
[16:41:10.913] [FINANCEIRA] Worker-0: Pedido 1417cc9e - INICIO (Valor: R$4118.51)
[16:41:10.992] [VALIDACAO] Worker-1: Pedido 9aed0480 - SUCESSO (Tempo: 0.28s)
[16:41:11.059] [FINANCEIRA] Worker-0: Pedido 1417cc9e - SUCESSO (Tempo: 0.15s)
[16:41:11.059] [LOGISTICA] Worker-0: Pedido 1417cc9e - INICIO (Item: Headphone)
[16:41:11.059] [FINANCEIRA] Worker-0: Pedido 509deb2c - INICIO (Valor: R$1527.66)
[16:41:11.115] [PRODUTOR] Worker-0: Pedido FINAL - CONCLUÍDO (Gerados 10 pedidos)
[16:41:11.118] [VALIDACAO] Worker-0: Pedido FINAL - CONCLUÍDO (Processados 5 pedidos)
[16:41:11.119] [VALIDACAO] Worker-1: Pedido FINAL - CONCLUÍDO (Processados 5 pedidos)
[16:41:11.234] [LOGISTICA] Worker-0: Pedido 1417cc9e - SUCESSO (Entregue! Tempo: 0.17s)
[16:41:11.396] [FINANCEIRA] Worker-0: Pedido 509deb2c - FALHA (Cartão recusado)
[16:41:11.397] [FINANCEIRA] Worker-0: Pedido 9aed0480 - INICIO (Valor: R$1573.56)
[16:41:11.584] [FINANCEIRA] Worker-0: Pedido 9aed0480 - FALHA (Cartão recusado)
[16:41:11.584] [FINANCEIRA] Worker-0: Pedido FINAL - CONCLUÍDO (Processados 10 pedidos)
[16:41:11.586] [LOGISTICA] Worker-0: Pedido FINAL - CONCLUÍDO (Processados 7 pedidos)

╔════════════════════════════════════════════════════════════╗
║              RELATÓRIO FINAL DO SISTEMA                    ║
╠════════════════════════════════════════════════════════════╣
║ Tempo Total de Execução: 3.54 segundos
║
║ PEDIDOS PROCESSADOS:
║   • validacao_sucesso: 10
║   • financeira_sucesso: 7
║   • logistica_sucesso: 6
║   • logistica_falha: 1
║   • financeira_falha: 3
║
║ TEMPOS POR ETAPA (em segundos):
║   VALIDACAO:
║     • Mínimo: 0.210s
║     • Máximo: 0.490s
║     • Média: 0.382s
║     • Total: 3.82s
║     • Eventos: 10
║   FINANCEIRA:
║     • Mínimo: 0.140s
║     • Máximo: 0.470s
║     • Média: 0.244s
║     • Total: 1.71s
║     • Eventos: 7
║   LOGISTICA:
║     • Mínimo: 0.170s
║     • Máximo: 0.430s
║     • Média: 0.255s
║     • Total: 1.53s
║     • Eventos: 6
╚════════════════════════════════════════════════════════════╝
